## 리액트와 서블릿 연동 하기 
- chat221228[D:\workspace_java\chat221228]
: yarn 패키지매니저 사용함

## yarn 설치
- 옵션)  -g : 전역설치
         -D : 개발자 의존성 주입 (Spring maven, gradle)
$ npm install -g yarn
$ yarn -vesrion


## 리액트 프로젝트 생성하기
$ yarn create react-app 프로젝트명

- 단 현재 바라보는 폴더 아래에 '프로젝트명' 폴더 생성
- VSCode로 프로젝트를 열 때 위 경로에서 열어야 에러 발생하지 않는다

$ yarn init --force
- 그냥 엔터를 계속 치면 디폴트값으로 /package.json에 등록된다
>
"main": "index.js",
  "license": "MIT",
  "description": "chat221228프로젝트와 리액트프로젝트 연동",
  "author": "welsper53 <welsper53@gmail.com>"


## 실행하기
$ yarn start

http://localhost:3000/index.html 실행된다
-> div id="root"
------
ReactDOM.createRoot(rootElement).render(element(<Paint/><Nice/>))
------
index.html -> index.js -> BrowserRouter로 App.jsx 감쌈
-> App.jsx에서 Route 통해 페이지 링크


## 추가 설정
$ yarn add react-router-dom

- react-router-dom 설치
- 웹페이지 제작 필수
- 화면 전환 -> 링크도 포함

- /src/index.js 에 추가
-----
<React.StrictMode>
   <BrowserRouter>
   <App />    
   </BrowserRouter>
</React.StrictMode>
-----


## CSS 추가분
$ yarn add react-bootstrap

- React-BootStrap 사용

- 만일 React-BootStrap에 아직 미지원 부분에 대해서는 
  bootstrap을 설치하여 사용자 정의 CSS로 처리한다
$ yarn add bootstrap
-> css라이브러리 설치

- CSS를 자바스크립트 문법으로 처리해주는 styled-component
$ yarn add styled-components


## 무료 이모티콘, 이모지
$ yarn add @fortawesome/fontawesome-free


## axios 설치
$ yarn add axios
- 비동기 처리
- 톰캣 서버의 서블릿 요청한다
- fetch API에서는 지원 안되는 json포맷 지원 받는다
- Moeif CORS - true/false - 프록시
- 주의: COR이슈 <- 스프링
--------------예시----------------
import axios from "axios";

export const jsonDeptList = (params) => {
  return  new Promise((resolve, reject) => {
     try {
         const response = axios({
           method: "GET"
           , url: process.env.REACT_APP_CHAT221228_IP + "dept/jsonDeptList.st1"
           , params: params
        })
        resolve(response);
     } catch (error) {
        reject(error);
     }
  });
}
----------------------------------


## firebase 설치
$ yarn add firebase

- 로그인 인증
- 회원가입지원
- RealtimeDatabaseServer : 채팅기능 활용 (30일)
- storage : 이미지, 동영상 (30일)


## .env 사용
- 구글, 카카오 키값 세팅
- 깃 .gitignore에 설정 필요